00:00 +0: loading C:/Users/kunjs/FlutterProject/linkhive/test/core/localization/locale_cubit_test.dart
00:00 +0: C:/Users/kunjs/FlutterProject/linkhive/test/core/localization/locale_cubit_test.dart: LocaleCubit initial state falls back to system locale or en when no locale saved
00:00 +1: C:/Users/kunjs/FlutterProject/linkhive/test/core/localization/locale_cubit_test.dart: LocaleCubit initial state matches stored locale when saved
00:00 +2: C:/Users/kunjs/FlutterProject/linkhive/test/core/localization/locale_cubit_test.dart: LocaleCubit emits [Locale("hi")] when changeLocale is called with "hi"
00:02 +3 -1: loading C:/Users/kunjs/FlutterProject/linkhive/test/features/authentication/auth_bloc_test.dart [E]
  Failed to load "C:/Users/kunjs/FlutterProject/linkhive/test/features/authentication/auth_bloc_test.dart":
  Compilation failed for testPath=C:/Users/kunjs/FlutterProject/linkhive/test/features/authentication/auth_bloc_test.dart: test/features/authentication/auth_bloc_test.dart:35:56: Error: Too many positional arguments: 0 allowed, but 2 found.
  Try removing the extra positional arguments.
        act: (bloc) => bloc.add(const AuthSignInRequested('test@test.com', 'password')),
                                                         ^
  lib/features/authentication/bloc/auth_event.dart:16:9: Context: Found this candidate, but the arguments don't match.
    const AuthSignInRequested({required this.email, required this.password});
          ^^^^^^^^^^^^^^^^^^^
  test/features/authentication/auth_bloc_test.dart:47:56: Error: Too many positional arguments: 0 allowed, but 2 found.
  Try removing the extra positional arguments.
        act: (bloc) => bloc.add(const AuthSignInRequested('test@test.com', 'password')),
                                                         ^
  lib/features/authentication/bloc/auth_event.dart:16:9: Context: Found this candidate, but the arguments don't match.
    const AuthSignInRequested({required this.email, required this.password});
          ^^^^^^^^^^^^^^^^^^^
  .
00:02 +3 -1: C:/Users/kunjs/FlutterProject/linkhive/test/core/theme/theme_cubit_test.dart: ThemeCubit initial state is ThemeMode.system when no theme is saved
00:02 +4 -1: C:/Users/kunjs/FlutterProject/linkhive/test/core/theme/theme_cubit_test.dart: ThemeCubit initial state is ThemeMode.dark when dark theme is saved
00:02 +5 -1: C:/Users/kunjs/FlutterProject/linkhive/test/core/theme/theme_cubit_test.dart: ThemeCubit emits [ThemeMode.light] when changeTheme is called with ThemeMode.light
00:07 +6 -1: C:/Users/kunjs/FlutterProject/linkhive/test/features/home/home_screen_test.dart: HomeScreen basic load test
00:07 +6 -2: loading C:/Users/kunjs/FlutterProject/linkhive/test/features/links/link_bloc_test.dart [E]
  Failed to load "C:/Users/kunjs/FlutterProject/linkhive/test/features/links/link_bloc_test.dart":
  Compilation failed for testPath=C:/Users/kunjs/FlutterProject/linkhive/test/features/links/link_bloc_test.dart: test/features/links/link_bloc_test.dart:26:88: Error: A value of type 'Stream<void>' can't be returned from a function with return type 'Stream<BoxEvent>'.
   - 'Stream' is from 'dart:async'.
   - 'BoxEvent' is from 'package:hive/hive.dart' ('../../AppData/Local/Pub/Cache/hosted/pub.dev/hive-2.2.3/lib/hive.dart').
        when(() => mockRepository.watchLinksBox()).thenAnswer((_) => boxStreamController.stream);
                                                                                         ^
  .
00:08 +7 -2: C:/Users/kunjs/FlutterProject/linkhive/test/features/home/home_screen_test.dart: HomeScreen basic load test
00:08 +8 -2: C:/Users/kunjs/FlutterProject/linkhive/test/features/home/home_screen_test.dart: HomeScreen basic load test
00:08 +9 -2: C:/Users/kunjs/FlutterProject/linkhive/test/features/home/home_screen_test.dart: HomeScreen basic load test
00:12 +10 -2: C:/Users/kunjs/FlutterProject/linkhive/test/features/links/link_model_test.dart: LinkModel copyWith updates specified fields
00:12 +11 -2: C:/Users/kunjs/FlutterProject/linkhive/test/features/links/link_model_test.dart: LinkModel toFirestore returns correct map (excluding syncedAt)
00:12 +12 -2: C:/Users/kunjs/FlutterProject/linkhive/test/features/links/link_model_test.dart: LinkModel fromFirestore handles Timestamp correctly
00:12 +13 -2: C:/Users/kunjs/FlutterProject/linkhive/test/features/links/link_model_test.dart: LinkModel fromFirestore handles raw integer for syncedAt
00:13 +14 -2: C:/Users/kunjs/FlutterProject/linkhive/test/features/links/link_repository_test.dart: LinkRepository Local Testing addLink saves to Hive
LinkRepository ----------> Added link: Example
00:13 +14 -3: C:/Users/kunjs/FlutterProject/linkhive/test/features/links/link_repository_test.dart: LinkRepository Local Testing addLink saves to Hive [E]
  [core/no-app] No Firebase App '[DEFAULT]' has been created - call Firebase.initializeApp()
  package:firebase_core_platform_interface/src/method_channel/method_channel_firebase.dart 190:5  MethodChannelFirebase.app
  package:firebase_core/src/firebase.dart 91:41                                                   Firebase.app
  package:firebase_auth/src/firebase_auth.dart 38:47                                              FirebaseAuth.instance
  package:link_hive/features/links/repository/link_repository.dart 68:36                          LinkRepository._uid
  package:link_hive/features/links/repository/link_repository.dart 103:9                          LinkRepository.addLink
  
00:13 +14 -3: C:/Users/kunjs/FlutterProject/linkhive/test/features/links/link_repository_test.dart: LinkRepository Local Testing deleteLink removes from Hive
00:13 +14 -4: C:/Users/kunjs/FlutterProject/linkhive/test/features/links/link_repository_test.dart: LinkRepository Local Testing deleteLink removes from Hive [E]
  HiveError: There is already a TypeAdapter for typeId 0.
  package:hive/src/registry/type_registry_impl.dart 112:11  TypeRegistryImpl.registerAdapter
  test\features\links\link_repository_test.dart 25:10       main.<fn>
  
00:13 +14 -4: Some tests failed.
